
   WARN  Metadata found in doc-comment for method Tests\Feature\Admin\DashboardSecurityTest::dashboard_has_security_headers(). Metadata in doc-comments is deprecated and will no longer be supported in PHPUnit 12. Update your test code to use attributes instead.

   WARN  Metadata found in doc-comment for method Tests\Feature\Admin\DashboardSecurityTest::accessing_dashboard_creates_activity_log(). Metadata in doc-comments is deprecated and will no longer be supported in PHPUnit 12. Update your test code to use attributes instead.

   WARN  Metadata found in doc-comment for method Tests\Feature\Admin\NavigationIsolationTest::superadmin_does_not_see_tenant_links(). Metadata in doc-comments is deprecated and will no longer be supported in PHPUnit 12. Update your test code to use attributes instead.

   WARN  Metadata found in doc-comment for method Tests\Feature\Admin\NavigationIsolationTest::regular_user_sees_tenant_links(). Metadata in doc-comments is deprecated and will no longer be supported in PHPUnit 12. Update your test code to use attributes instead.

   WARN  Metadata found in doc-comment for method Tests\Feature\Admin\TenantCreationTest::superadmin_can_access_create_tenant_page(). Metadata in doc-comments is deprecated and will no longer be supported in PHPUnit 12. Update your test code to use attributes instead.

   WARN  Metadata found in doc-comment for method Tests\Feature\Admin\TenantCreationTest::superadmin_can_create_tenant_and_owner(). Metadata in doc-comments is deprecated and will no longer be supported in PHPUnit 12. Update your test code to use attributes instead.

   WARN  Metadata found in doc-comment for method Tests\Feature\Auth\SuperAdminLoginTest::superadmin_can_login_and_redirects_to_admin_dashboard(). Metadata in doc-comments is deprecated and will no longer be supported in PHPUnit 12. Update your test code to use attributes instead.

   WARN  Metadata found in doc-comment for method Tests\Feature\Auth\SuperAdminLoginTest::superadmin_is_redirected_from_regular_dashboard_to_admin_dashboard(). Metadata in doc-comments is deprecated and will no longer be supported in PHPUnit 12. Update your test code to use attributes instead.

   WARN  Metadata found in doc-comment for method Tests\Feature\Auth\SuperAdminLoginTest::superadmin_can_access_admin_dashboard(). Metadata in doc-comments is deprecated and will no longer be supported in PHPUnit 12. Update your test code to use attributes instead.

   WARN  Metadata found in doc-comment for method Tests\Feature\Auth\SuperAdminLoginTest::login_failure_returns_validation_error_not_500(). Metadata in doc-comments is deprecated and will no longer be supported in PHPUnit 12. Update your test code to use attributes instead.

   WARN  Metadata found in doc-comment for method Tests\Feature\Auth\SuperAdminLoginTest::superadmin_has_correct_flags(). Metadata in doc-comments is deprecated and will no longer be supported in PHPUnit 12. Update your test code to use attributes instead.

   PASS  Tests\Unit\ExampleTest
  ✓ that true is true

   PASS  Tests\Feature\Admin\DashboardSecurityTest
  ✓ dashboard has security headers                                       0.17s  
  ✓ accessing dashboard creates activity log                             0.04s  

   PASS  Tests\Feature\Admin\NavigationIsolationTest
  ✓ superadmin does not see tenant links                                 0.04s  
  ✓ regular user sees tenant links                                       0.04s  

   FAIL  Tests\Feature\Admin\TenantCreationTest
  ✓ superadmin can access create tenant page                             0.03s  
  ⨯ superadmin can create tenant and owner                               0.03s  

   PASS  Tests\Feature\Auth\AuthenticationTest
  ✓ login screen can be rendered                                         0.03s  
  ✓ users can authenticate using the login screen                        0.05s  
  ✓ users can not authenticate with invalid password                     0.24s  
  ✓ users can logout                                                     0.03s  

   PASS  Tests\Feature\Auth\EmailVerificationTest
  ✓ email verification screen can be rendered                            0.03s  
  ✓ email can be verified                                                0.03s  
  ✓ email is not verified with invalid hash                              0.03s  

   PASS  Tests\Feature\Auth\PasswordConfirmationTest
  ✓ confirm password screen can be rendered                              0.04s  
  ✓ password can be confirmed                                            0.04s  
  ✓ password is not confirmed with invalid password                      0.23s  

   PASS  Tests\Feature\Auth\PasswordResetTest
  ✓ reset password link screen can be rendered                           0.03s  
  ✓ reset password link can be requested                                 0.23s  
  ✓ reset password screen can be rendered                                0.23s  
  ✓ password can be reset with valid token                               0.23s  

   PASS  Tests\Feature\Auth\PasswordUpdateTest
  ✓ password can be updated                                              0.03s  
  ✓ correct password must be provided to update password                 0.03s  

   FAIL  Tests\Feature\Auth\RegistrationTest
  ⨯ registration screen can be rendered                                  0.02s  
  ⨯ new users can register                                               0.02s  

   PASS  Tests\Feature\Auth\SuperAdminLoginTest
  ✓ superadmin can login and redirects to admin dashboard                0.03s  
  ✓ superadmin is redirected from regular dashboard to admin dashboard   0.03s  
  ✓ superadmin can access admin dashboard                                0.04s  
  ✓ login failure returns validation error not 500                       0.23s  
  ✓ superadmin has correct flags                                         0.02s  

   PASS  Tests\Feature\ExampleTest
  ✓ the application returns a successful response                        0.03s  

   PASS  Tests\Feature\ProductTest
  ✓ products index can be accessed                                       0.03s  
  ✓ product can be created by employee                                   0.03s  
  ✓ product show page renders without app settings error                 0.04s  
  ✓ product can be updated                                               0.03s  
  ✓ product can be deleted                                               0.03s  

   PASS  Tests\Feature\ProductVariantTest
  ✓ variant can be added to product                                      0.03s  
  ✓ variant can be updated                                               0.03s  
  ✓ variant can be deleted                                               0.02s  

   PASS  Tests\Feature\ProfileTest
  ✓ profile page is displayed                                            0.04s  
  ✓ profile information can be updated                                   0.02s  
  ✓ email verification status is unchanged when the email address is un… 0.03s  
  ✓ user can delete their account                                        0.03s  
  ✓ correct password must be provided to delete account                  0.03s  

   FAIL  Tests\Feature\PurchaseOrderTest
  ✓ boss can view purchase orders                                        0.04s  
  ✓ employee cannot view purchase orders                                 0.02s  
  ⨯ boss can create purchase order via livewire                          0.04s  
  ✓ employee cannot create purchase order via livewire                   0.03s  
  ⨯ boss can update status                                               0.18s  
  ⨯ confirming received updates stock                                    0.03s  

   FAIL  Tests\Feature\QuoteTest
  ✓ quote can be created                                                 0.05s  
  ⨯ quote status can be updated to sent                                  0.03s  
  ⨯ quote acceptance deducts stock and records revenue                   0.03s  
  ⨯ quote rejection reverts stock and revenue                            0.03s  
  ⨯ pdf can be generated                                                 0.03s  
  ⨯ employee can reject their own quote                                  0.03s  
  ⨯ employee cannot reject others quote                                  0.03s  
  ⨯ boss can reject accepted quote                                       0.03s  
  ⨯ boss can update logistics even if status is already accepted         0.03s  

   PASS  Tests\Feature\SettingsTest
  ✓ boss can view settings page                                          0.05s  
  ✓ employee cannot view settings page                                   0.03s  
  ✓ boss can update company settings                                     0.03s  
  ✓ employee cannot update company settings                              0.02s  

   PASS  Tests\Feature\SmtpFailoverTest
  ✓ it sends email with first active smtp                                0.03s  
  ✓ it fails over to second smtp if first fails                          0.03s  

   PASS  Tests\Feature\StockTest
  ✓ stock can be added by boss                                           0.04s  
  ✓ stock deduction and revenue generation for sale                      0.04s  
  ✓ employees cannot adjust stock                                        0.04s  
  ✓ stock adjustment can be reverted                                     0.05s  

   PASS  Tests\Feature\TenantScopeTest
  ✓ tenant cannot see others quotes                                      0.03s  
  ✓ tenant cannot see others products                                    0.03s  
  ✓ tenant is associated with plan                                       0.02s  
  ✓ tenant cannot exceed quote limit                                     0.03s  
  ✓ tenant cannot exceed product limit                                   0.02s  
  ✓ tenant cannot exceed user limit                                      0.02s  
  ────────────────────────────────────────────────────────────────────────────  
   FAILED  Tests\Feature\Admin\TenantCreationTest > superadm…  QueryException   
  SQLSTATE[23000]: Integrity constraint violation: 19 NOT NULL constraint failed: plans.slug (Connection: sqlite, Database: :memory:, SQL: insert into "plans" ("name", "price", "is_active", "updated_at", "created_at") values (Premium, 100, 1, 2026-03-10 09:31:14, 2026-03-10 09:31:14))

  at vendor/laravel/framework/src/Illuminate/Database/Connection.php:838
    834▕             $exceptionType = $this->isUniqueConstraintError($e)
    835▕                 ? UniqueConstraintViolationException::class
    836▕                 : QueryException::class;
    837▕ 
  ➜ 838▕             throw new $exceptionType(
    839▕                 $this->getNameWithReadWriteType(),
    840▕                 $query,
    841▕                 $this->prepareBindings($bindings),
    842▕                 $e,

      [2m+19 vendor frames [22m
  20  tests/Feature/Admin/TenantCreationTest.php:47

  ────────────────────────────────────────────────────────────────────────────  
   FAILED  Tests\Feature\Auth\RegistrationTest > registration screen can be…    
  Expected response status code [200] but received 404.
Failed asserting that 404 is identical to 200.

  at tests/Feature/Auth/RegistrationTest.php:16
     12▕     public function test_registration_screen_can_be_rendered(): void
     13▕     {
     14▕         $response = $this->get('/register');
     15▕ 
  ➜  16▕         $response->assertStatus(200);
     17▕     }
     18▕ 
     19▕     public function test_new_users_can_register(): void
     20▕     {

  ────────────────────────────────────────────────────────────────────────────  
   FAILED  Tests\Feature\Auth\RegistrationTest > new users can register         
  The user is not authenticated
Failed asserting that false is true.

  at tests/Feature/Auth/RegistrationTest.php:29
     25▕             'password' => 'password',
     26▕             'password_confirmation' => 'password',
     27▕         ]);
     28▕ 
  ➜  29▕         $this->assertAuthenticated();
     30▕         $response->assertRedirect(route('dashboard', absolute: false));
     31▕     }
     32▕ }
     33▕

  ────────────────────────────────────────────────────────────────────────────  
   FAILED  Tests\Feature\PurchaseOrderTest > boss can create…  QueryException   
  SQLSTATE[HY000]: General error: 1 table purchase_orders has no column named estimated_arrival (Connection: sqlite, Database: :memory:, SQL: insert into "purchase_orders" ("product_id", "product_variant_id", "quantity", "unit_cost", "estimated_arrival", "status", "tenant_id", "updated_at", "created_at") values (1, ?, 50, 25.5, ?, pending, 1, 2026-03-10 09:31:16, 2026-03-10 09:31:16))

  at vendor/laravel/framework/src/Illuminate/Database/Connection.php:838
    834▕             $exceptionType = $this->isUniqueConstraintError($e)
    835▕                 ? UniqueConstraintViolationException::class
    836▕                 : QueryException::class;
    837▕ 
  ➜ 838▕             throw new $exceptionType(
    839▕                 $this->getNameWithReadWriteType(),
    840▕                 $query,
    841▕                 $this->prepareBindings($bindings),
    842▕                 $e,

      [2m+19 vendor frames [22m
  20  app/Livewire/PurchaseOrders/CreateOrder.php:78
      [2m+32 vendor frames [22m
  53  tests/Feature/PurchaseOrderTest.php:68

  ────────────────────────────────────────────────────────────────────────────  
   FAILED  Tests\Feature\PurchaseOrderTest > boss can update status             
  Expected response status code [201, 301, 302, 303, 307, 308] but received 500.
Failed asserting that false is true.

The following exception occurred during the last request:

PDOException: SQLSTATE[23000]: Integrity constraint violation: 19 CHECK constraint failed: status in /home/sohail/Documents/Projects/quote/vendor/laravel/framework/src/Illuminate/Database/Connection.php:609
Stack trace:
#0 /home/sohail/Documents/Projects/quote/vendor/laravel/framework/src/Illuminate/Database/Connection.php(609): PDOStatement->execute()
#1 /home/sohail/Documents/Projects/quote/vendor/laravel/framework/src/Illuminate/Database/Connection.php(827): Illuminate\Database\Connection->Illuminate\Database\{closure}()
#2 /home/sohail/Documents/Projects/quote/vendor/laravel/framework/src/Illuminate/Database/Connection.php(794): Illuminate\Database\Connection->runQueryCallback()
#3 /home/sohail/Documents/Projects/quote/vendor/laravel/framework/src/Illuminate/Database/Connection.php(597): Illuminate\Database\Connection->run()
#4 /home/sohail/Documents/Projects/quote/vendor/laravel/framework/src/Illuminate/Database/Connection.php(549): Illuminate\Database\Connection->affectingStatement()
#5 /home/sohail/Documents/Projects/quote/vendor/laravel/framework/src/Illuminate/Database/Query/Builder.php(4204): Illuminate\Database\Connection->update()
#6 /home/sohail/Documents/Projects/quote/vendor/laravel/framework/src/Illuminate/Database/Eloquent/Builder.php(1266): Illuminate\Database\Query\Builder->update()
#7 /home/sohail/Documents/Projects/quote/vendor/laravel/framework/src/Illuminate/Database/Eloquent/Model.php(1316): Illuminate\Database\Eloquent\Builder->update()
#8 /home/sohail/Documents/Projects/quote/vendor/laravel/framework/src/Illuminate/Database/Eloquent/Model.php(1233): Illuminate\Database\Eloquent\Model->performUpdate()
#9 /home/sohail/Documents/Projects/quote/vendor/laravel/framework/src/Illuminate/Database/Eloquent/Model.php(1090): Illuminate\Database\Eloquent\Model->save()
#10 /home/sohail/Documents/Projects/quote/app/Http/Controllers/PurchaseOrderController.php(53): Illuminate\Database\Eloquent\Model->update()
#11 /home/sohail/Documents/Projects/quote/vendor/laravel/framework/src/Illuminate/Routing/ControllerDispatcher.php(46): App\Http\Controllers\PurchaseOrderController->updateStatus()
#12 /home/sohail/Documents/Projects/quote/vendor/laravel/framework/src/Illuminate/Routing/Route.php(265): Illuminate\Routing\ControllerDispatcher->dispatch()
#13 /home/sohail/Documents/Projects/quote/vendor/laravel/framework/src/Illuminate/Routing/Route.php(211): Illuminate\Routing\Route->runController()
#14 /home/sohail/Documents/Projects/quote/vendor/laravel/framework/src/Illuminate/Routing/Router.php(822): Illuminate\Routing\Route->run()
#15 /home/sohail/Documents/Projects/quote/vendor/laravel/framework/src/Illuminate/Pipeline/Pipeline.php(180): Illuminate\Routing\Router->Illuminate\Routing\{closure}()
#16 /home/sohail/Documents/Projects/quote/app/Http/Middleware/BossMiddleware.php(22): Illuminate\Pipeline\Pipeline->Illuminate\Pipeline\{closure}()
#17 /home/sohail/Documents/Projects/quote/vendor/laravel/framework/src/Illuminate/Pipeline/Pipeline.php(219): App\Http\Middleware\BossMiddleware->handle()
#18 /home/sohail/Documents/Projects/quote/app/Http/Middleware/EnsureTwoFactorIsVerified.php(30): Illuminate\Pipeline\Pipeline->Illuminate\Pipeline\{closure}()
#19 /home/sohail/Documents/Projects/quote/vendor/laravel/framework/src/Illuminate/Pipeline/Pipeline.php(219): App\Http\Middleware\EnsureTwoFactorIsVerified->handle()
#20 /home/sohail/Documents/Projects/quote/vendor/laravel/framework/src/Illuminate/Auth/Middleware/EnsureEmailIsVerified.php(41): Illuminate\Pipeline\Pipeline->Illuminate\Pipeline\{closure}()
#21 /home/sohail/Documents/Projects/quote/vendor/laravel/framework/src/Illuminate/Pipeline/Pipeline.php(219): Illuminate\Auth\Middleware\EnsureEmailIsVerified->handle()
#22 /home/sohail/Documents/Projects/quote/vendor/laravel/framework/src/Illuminate/Routing/Middleware/SubstituteBindings.php(50): Illuminate\Pipeline\Pipeline->Illuminate\Pipeline\{closure}()
#23 /home/sohail/Documents/Projects/quote/vendor/laravel/framework/src/Illuminate/Pipeline/Pipeline.php(219): Illuminate\Routing\Middleware\SubstituteBindings->handle()
#24 /home/sohail/Documents/Projects/quote/vendor/laravel/framework/src/Illuminate/Auth/Middleware/Authenticate.php(63): Illuminate\Pipeline\Pipeline->Illuminate\Pipeline\{closure}()
#25 /home/sohail/Documents/Projects/quote/vendor/laravel/framework/src/Illuminate/Pipeline/Pipeline.php(219): Illuminate\Auth\Middleware\Authenticate->handle()
#26 /home/sohail/Documents/Projects/quote/vendor/laravel/framework/src/Illuminate/Foundation/Http/Middleware/VerifyCsrfToken.php(87): Illuminate\Pipeline\Pipeline->Illuminate\Pipeline\{closure}()
#27 /home/sohail/Documents/Projects/quote/vendor/laravel/framework/src/Illuminate/Pipeline/Pipeline.php(219): Illuminate\Foundation\Http\Middleware\VerifyCsrfToken->handle()
#28 /home/sohail/Documents/Projects/quote/vendor/laravel/framework/src/Illuminate/View/Middleware/ShareErrorsFromSession.php(48): Illuminate\Pipeline\Pipeline->Illuminate\Pipeline\{closure}()
#29 /home/sohail/Documents/Projects/quote/vendor/laravel/framework/src/Illuminate/Pipeline/Pipeline.php(219): Illuminate\View\Middleware\ShareErrorsFromSession->handle()
#30 /home/sohail/Documents/Projects/quote/vendor/laravel/framework/src/Illuminate/Session/Middleware/StartSession.php(120): Illuminate\Pipeline\Pipeline->Illuminate\Pipeline\{closure}()
#31 /home/sohail/Documents/Projects/quote/vendor/laravel/framework/src/Illuminate/Session/Middleware/StartSession.php(63): Illuminate\Session\Middleware\StartSession->handleStatefulRequest()
#32 /home/sohail/Documents/Projects/quote/vendor/laravel/framework/src/Illuminate/Pipeline/Pipeline.php(219): Illuminate\Session\Middleware\StartSession->handle()
#33 /home/sohail/Documents/Projects/quote/vendor/laravel/framework/src/Illuminate/Cookie/Middleware/AddQueuedCookiesToResponse.php(36): Illuminate\Pipeline\Pipeline->Illuminate\Pipeline\{closure}()
#34 /home/sohail/Documents/Projects/quote/vendor/laravel/framework/src/Illuminate/Pipeline/Pipeline.php(219): Illuminate\Cookie\Middleware\AddQueuedCookiesToResponse->handle()
#35 /home/sohail/Documents/Projects/quote/vendor/laravel/framework/src/Illuminate/Cookie/Middleware/EncryptCookies.php(74): Illuminate\Pipeline\Pipeline->Illuminate\Pipeline\{closure}()
#36 /home/sohail/Documents/Projects/quote/vendor/laravel/framework/src/Illuminate/Pipeline/Pipeline.php(219): Illuminate\Cookie\Middleware\EncryptCookies->handle()
#37 /home/sohail/Documents/Projects/quote/vendor/laravel/framework/src/Illuminate/Pipeline/Pipeline.php(137): Illuminate\Pipeline\Pipeline->Illuminate\Pipeline\{closure}()
#38 /home/sohail/Documents/Projects/quote/vendor/laravel/framework/src/Illuminate/Routing/Router.php(821): Illuminate\Pipeline\Pipeline->then()
#39 /home/sohail/Documents/Projects/quote/vendor/laravel/framework/src/Illuminate/Routing/Router.php(800): Illuminate\Routing\Router->runRouteWithinStack()
#40 /home/sohail/Documents/Projects/quote/vendor/laravel/framework/src/Illuminate/Routing/Router.php(764): Illuminate\Routing\Router->runRoute()
#41 /home/sohail/Documents/Projects/quote/vendor/laravel/framework/src/Illuminate/Routing/Router.php(753): Illuminate\Routing\Router->dispatchToRoute()
#42 /home/sohail/Documents/Projects/quote/vendor/laravel/framework/src/Illuminate/Foundation/Http/Kernel.php(200): Illuminate\Routing\Router->dispatch()
#43 /home/sohail/Documents/Projects/quote/vendor/laravel/framework/src/Illuminate/Pipeline/Pipeline.php(180): Illuminate\Foundation\Http\Kernel->Illuminate\Foundation\Http\{closure}()
#44 /home/sohail/Documents/Projects/quote/vendor/livewire/livewire/src/Features/SupportDisablingBackButtonCache/DisableBackButtonCacheMiddleware.php(19): Illuminate\Pipeline\Pipeline->Illuminate\Pipeline\{closure}()
#45 /home/sohail/Documents/Projects/quote/vendor/laravel/framework/src/Illuminate/Pipeline/Pipeline.php(219): Livewire\Features\SupportDisablingBackButtonCache\DisableBackButtonCacheMiddleware->handle()
#46 /home/sohail/Documents/Projects/quote/vendor/laravel/framework/src/Illuminate/Foundation/Http/Middleware/TransformsRequest.php(21): Illuminate\Pipeline\Pipeline->Illuminate\Pipeline\{closure}()
#47 /home/sohail/Documents/Projects/quote/vendor/laravel/framework/src/Illuminate/Foundation/Http/Middleware/ConvertEmptyStringsToNull.php(31): Illuminate\Foundation\Http\Middleware\TransformsRequest->handle()
#48 /home/sohail/Documents/Projects/quote/vendor/laravel/framework/src/Illuminate/Pipeline/Pipeline.php(219): Illuminate\Foundation\Http\Middleware\ConvertEmptyStringsToNull->handle()
#49 /home/sohail/Documents/Projects/quote/vendor/laravel/framework/src/Illuminate/Foundation/Http/Middleware/TransformsRequest.php(21): Illuminate\Pipeline\Pipeline->Illuminate\Pipeline\{closure}()
#50 /home/sohail/Documents/Projects/quote/vendor/laravel/framework/src/Illuminate/Foundation/Http/Middleware/TrimStrings.php(51): Illuminate\Foundation\Http\Middleware\TransformsRequest->handle()
#51 /home/sohail/Documents/Projects/quote/vendor/laravel/framework/src/Illuminate/Pipeline/Pipeline.php(219): Illuminate\Foundation\Http\Middleware\TrimStrings->handle()
#52 /home/sohail/Documents/Projects/quote/vendor/laravel/framework/src/Illuminate/Http/Middleware/ValidatePostSize.php(27): Illuminate\Pipeline\Pipeline->Illuminate\Pipeline\{closure}()
#53 /home/sohail/Documents/Projects/quote/vendor/laravel/framework/src/Illuminate/Pipeline/Pipeline.php(219): Illuminate\Http\Middleware\ValidatePostSize->handle()
#54 /home/sohail/Documents/Projects/quote/vendor/laravel/framework/src/Illuminate/Foundation/Http/Middleware/PreventRequestsDuringMaintenance.php(109): Illuminate\Pipeline\Pipeline->Illuminate\Pipeline\{closure}()
#55 /home/sohail/Documents/Projects/quote/vendor/laravel/framework/src/Illuminate/Pipeline/Pipeline.php(219): Illuminate\Foundation\Http\Middleware\PreventRequestsDuringMaintenance->handle()
#56 /home/sohail/Documents/Projects/quote/vendor/laravel/framework/src/Illuminate/Http/Middleware/HandleCors.php(61): Illuminate\Pipeline\Pipeline->Illuminate\Pipeline\{closure}()
#57 /home/sohail/Documents/Projects/quote/vendor/laravel/framework/src/Illuminate/Pipeline/Pipeline.php(219): Illuminate\Http\Middleware\HandleCors->handle()
#58 /home/sohail/Documents/Projects/quote/vendor/laravel/framework/src/Illuminate/Http/Middleware/TrustProxies.php(58): Illuminate\Pipeline\Pipeline->Illuminate\Pipeline\{closure}()
#59 /home/sohail/Documents/Projects/quote/vendor/laravel/framework/src/Illuminate/Pipeline/Pipeline.php(219): Illuminate\Http\Middleware\TrustProxies->handle()
#60 /home/sohail/Documents/Projects/quote/vendor/laravel/framework/src/Illuminate/Foundation/Http/Middleware/InvokeDeferredCallbacks.php(22): Illuminate\Pipeline\Pipeline->Illuminate\Pipeline\{closure}()
#61 /home/sohail/Documents/Projects/quote/vendor/laravel/framework/src/Illuminate/Pipeline/Pipeline.php(219): Illuminate\Foundation\Http\Middleware\InvokeDeferredCallbacks->handle()
#62 /home/sohail/Documents/Projects/quote/vendor/laravel/framework/src/Illuminate/Http/Middleware/ValidatePathEncoding.php(26): Illuminate\Pipeline\Pipeline->Illuminate\Pipeline\{closure}()
#63 /home/sohail/Documents/Projects/quote/vendor/laravel/framework/src/Illuminate/Pipeline/Pipeline.php(219): Illuminate\Http\Middleware\ValidatePathEncoding->handle()
#64 /home/sohail/Documents/Projects/quote/vendor/laravel/framework/src/Illuminate/Pipeline/Pipeline.php(137): Illuminate\Pipeline\Pipeline->Illuminate\Pipeline\{closure}()
#65 /home/sohail/Documents/Projects/quote/vendor/laravel/framework/src/Illuminate/Foundation/Http/Kernel.php(175): Illuminate\Pipeline\Pipeline->then()
#66 /home/sohail/Documents/Projects/quote/vendor/laravel/framework/src/Illuminate/Foundation/Http/Kernel.php(144): Illuminate\Foundation\Http\Kernel->sendRequestThroughRouter()
#67 /home/sohail/Documents/Projects/quote/vendor/laravel/framework/src/Illuminate/Foundation/Testing/Concerns/MakesHttpRequests.php(607): Illuminate\Foundation\Http\Kernel->handle()
#68 /home/sohail/Documents/Projects/quote/vendor/laravel/framework/src/Illuminate/Foundation/Testing/Concerns/MakesHttpRequests.php(457): Illuminate\Foundation\Testing\TestCase->call()
#69 /home/sohail/Documents/Projects/quote/tests/Feature/PurchaseOrderTest.php(105): Illuminate\Foundation\Testing\TestCase->patch()
#70 /home/sohail/Documents/Projects/quote/vendor/phpunit/phpunit/src/Framework/TestCase.php(1667): Tests\Feature\PurchaseOrderTest->test_boss_can_update_status()
#71 /home/sohail/Documents/Projects/quote/vendor/phpunit/phpunit/src/Framework/TestCase.php(519): PHPUnit\Framework\TestCase->runTest()
#72 /home/sohail/Documents/Projects/quote/vendor/phpunit/phpunit/src/Framework/TestRunner/TestRunner.php(87): PHPUnit\Framework\TestCase->runBare()
#73 /home/sohail/Documents/Projects/quote/vendor/phpunit/phpunit/src/Framework/TestCase.php(365): PHPUnit\Framework\TestRunner->run()
#74 /home/sohail/Documents/Projects/quote/vendor/phpunit/phpunit/src/Framework/TestSuite.php(369): PHPUnit\Framework\TestCase->run()
#75 /home/sohail/Documents/Projects/quote/vendor/phpunit/phpunit/src/Framework/TestSuite.php(369): PHPUnit\Framework\TestSuite->run()
#76 /home/sohail/Documents/Projects/quote/vendor/phpunit/phpunit/src/Framework/TestSuite.php(369): PHPUnit\Framework\TestSuite->run()
#77 /home/sohail/Documents/Projects/quote/vendor/phpunit/phpunit/src/TextUI/TestRunner.php(64): PHPUnit\Framework\TestSuite->run()
#78 /home/sohail/Documents/Projects/quote/vendor/phpunit/phpunit/src/TextUI/Application.php(211): PHPUnit\TextUI\TestRunner->run()
#79 /home/sohail/Documents/Projects/quote/vendor/phpunit/phpunit/phpunit(104): PHPUnit\TextUI\Application->run()
#80 {main}

Next Illuminate\Database\QueryException: SQLSTATE[23000]: Integrity constraint violation: 19 CHECK constraint failed: status (Connection: sqlite, Database: :memory:, SQL: update "purchase_orders" set "status" = transit, "updated_at" = 2026-03-10 09:31:16 where "id" = 1) in /home/sohail/Documents/Projects/quote/vendor/laravel/framework/src/Illuminate/Database/Connection.php:838
Stack trace:
#0 /home/sohail/Documents/Projects/quote/vendor/laravel/framework/src/Illuminate/Database/Connection.php(794): Illuminate\Database\Connection->runQueryCallback()
#1 /home/sohail/Documents/Projects/quote/vendor/laravel/framework/src/Illuminate/Database/Connection.php(597): Illuminate\Database\Connection->run()
#2 /home/sohail/Documents/Projects/quote/vendor/laravel/framework/src/Illuminate/Database/Connection.php(549): Illuminate\Database\Connection->affectingStatement()
#3 /home/sohail/Documents/Projects/quote/vendor/laravel/framework/src/Illuminate/Database/Query/Builder.php(4204): Illuminate\Database\Connection->update()
#4 /home/sohail/Documents/Projects/quote/vendor/laravel/framework/src/Illuminate/Database/Eloquent/Builder.php(1266): Illuminate\Database\Query\Builder->update()
#5 /home/sohail/Documents/Projects/quote/vendor/laravel/framework/src/Illuminate/Database/Eloquent/Model.php(1316): Illuminate\Database\Eloquent\Builder->update()
#6 /home/sohail/Documents/Projects/quote/vendor/laravel/framework/src/Illuminate/Database/Eloquent/Model.php(1233): Illuminate\Database\Eloquent\Model->performUpdate()
#7 /home/sohail/Documents/Projects/quote/vendor/laravel/framework/src/Illuminate/Database/Eloquent/Model.php(1090): Illuminate\Database\Eloquent\Model->save()
#8 /home/sohail/Documents/Projects/quote/app/Http/Controllers/PurchaseOrderController.php(53): Illuminate\Database\Eloquent\Model->update()
#9 /home/sohail/Documents/Projects/quote/vendor/laravel/framework/src/Illuminate/Routing/ControllerDispatcher.php(46): App\Http\Controllers\PurchaseOrderController->updateStatus()
#10 /home/sohail/Documents/Projects/quote/vendor/laravel/framework/src/Illuminate/Routing/Route.php(265): Illuminate\Routing\ControllerDispatcher->dispatch()
#11 /home/sohail/Documents/Projects/quote/vendor/laravel/framework/src/Illuminate/Routing/Route.php(211): Illuminate\Routing\Route->runController()
#12 /home/sohail/Documents/Projects/quote/vendor/laravel/framework/src/Illuminate/Routing/Router.php(822): Illuminate\Routing\Route->run()
#13 /home/sohail/Documents/Projects/quote/vendor/laravel/framework/src/Illuminate/Pipeline/Pipeline.php(180): Illuminate\Routing\Router->Illuminate\Routing\{closure}()
#14 /home/sohail/Documents/Projects/quote/app/Http/Middleware/BossMiddleware.php(22): Illuminate\Pipeline\Pipeline->Illuminate\Pipeline\{closure}()
#15 /home/sohail/Documents/Projects/quote/vendor/laravel/framework/src/Illuminate/Pipeline/Pipeline.php(219): App\Http\Middleware\BossMiddleware->handle()
#16 /home/sohail/Documents/Projects/quote/app/Http/Middleware/EnsureTwoFactorIsVerified.php(30): Illuminate\Pipeline\Pipeline->Illuminate\Pipeline\{closure}()
#17 /home/sohail/Documents/Projects/quote/vendor/laravel/framework/src/Illuminate/Pipeline/Pipeline.php(219): App\Http\Middleware\EnsureTwoFactorIsVerified->handle()
#18 /home/sohail/Documents/Projects/quote/vendor/laravel/framework/src/Illuminate/Auth/Middleware/EnsureEmailIsVerified.php(41): Illuminate\Pipeline\Pipeline->Illuminate\Pipeline\{closure}()
#19 /home/sohail/Documents/Projects/quote/vendor/laravel/framework/src/Illuminate/Pipeline/Pipeline.php(219): Illuminate\Auth\Middleware\EnsureEmailIsVerified->handle()
#20 /home/sohail/Documents/Projects/quote/vendor/laravel/framework/src/Illuminate/Routing/Middleware/SubstituteBindings.php(50): Illuminate\Pipeline\Pipeline->Illuminate\Pipeline\{closure}()
#21 /home/sohail/Documents/Projects/quote/vendor/laravel/framework/src/Illuminate/Pipeline/Pipeline.php(219): Illuminate\Routing\Middleware\SubstituteBindings->handle()
#22 /home/sohail/Documents/Projects/quote/vendor/laravel/framework/src/Illuminate/Auth/Middleware/Authenticate.php(63): Illuminate\Pipeline\Pipeline->Illuminate\Pipeline\{closure}()
#23 /home/sohail/Documents/Projects/quote/vendor/laravel/framework/src/Illuminate/Pipeline/Pipeline.php(219): Illuminate\Auth\Middleware\Authenticate->handle()
#24 /home/sohail/Documents/Projects/quote/vendor/laravel/framework/src/Illuminate/Foundation/Http/Middleware/VerifyCsrfToken.php(87): Illuminate\Pipeline\Pipeline->Illuminate\Pipeline\{closure}()
#25 /home/sohail/Documents/Projects/quote/vendor/laravel/framework/src/Illuminate/Pipeline/Pipeline.php(219): Illuminate\Foundation\Http\Middleware\VerifyCsrfToken->handle()
#26 /home/sohail/Documents/Projects/quote/vendor/laravel/framework/src/Illuminate/View/Middleware/ShareErrorsFromSession.php(48): Illuminate\Pipeline\Pipeline->Illuminate\Pipeline\{closure}()
#27 /home/sohail/Documents/Projects/quote/vendor/laravel/framework/src/Illuminate/Pipeline/Pipeline.php(219): Illuminate\View\Middleware\ShareErrorsFromSession->handle()
#28 /home/sohail/Documents/Projects/quote/vendor/laravel/framework/src/Illuminate/Session/Middleware/StartSession.php(120): Illuminate\Pipeline\Pipeline->Illuminate\Pipeline\{closure}()
#29 /home/sohail/Documents/Projects/quote/vendor/laravel/framework/src/Illuminate/Session/Middleware/StartSession.php(63): Illuminate\Session\Middleware\StartSession->handleStatefulRequest()
#30 /home/sohail/Documents/Projects/quote/vendor/laravel/framework/src/Illuminate/Pipeline/Pipeline.php(219): Illuminate\Session\Middleware\StartSession->handle()
#31 /home/sohail/Documents/Projects/quote/vendor/laravel/framework/src/Illuminate/Cookie/Middleware/AddQueuedCookiesToResponse.php(36): Illuminate\Pipeline\Pipeline->Illuminate\Pipeline\{closure}()
#32 /home/sohail/Documents/Projects/quote/vendor/laravel/framework/src/Illuminate/Pipeline/Pipeline.php(219): Illuminate\Cookie\Middleware\AddQueuedCookiesToResponse->handle()
#33 /home/sohail/Documents/Projects/quote/vendor/laravel/framework/src/Illuminate/Cookie/Middleware/EncryptCookies.php(74): Illuminate\Pipeline\Pipeline->Illuminate\Pipeline\{closure}()
#34 /home/sohail/Documents/Projects/quote/vendor/laravel/framework/src/Illuminate/Pipeline/Pipeline.php(219): Illuminate\Cookie\Middleware\EncryptCookies->handle()
#35 /home/sohail/Documents/Projects/quote/vendor/laravel/framework/src/Illuminate/Pipeline/Pipeline.php(137): Illuminate\Pipeline\Pipeline->Illuminate\Pipeline\{closure}()
#36 /home/sohail/Documents/Projects/quote/vendor/laravel/framework/src/Illuminate/Routing/Router.php(821): Illuminate\Pipeline\Pipeline->then()
#37 /home/sohail/Documents/Projects/quote/vendor/laravel/framework/src/Illuminate/Routing/Router.php(800): Illuminate\Routing\Router->runRouteWithinStack()
#38 /home/sohail/Documents/Projects/quote/vendor/laravel/framework/src/Illuminate/Routing/Router.php(764): Illuminate\Routing\Router->runRoute()
#39 /home/sohail/Documents/Projects/quote/vendor/laravel/framework/src/Illuminate/Routing/Router.php(753): Illuminate\Routing\Router->dispatchToRoute()
#40 /home/sohail/Documents/Projects/quote/vendor/laravel/framework/src/Illuminate/Foundation/Http/Kernel.php(200): Illuminate\Routing\Router->dispatch()
#41 /home/sohail/Documents/Projects/quote/vendor/laravel/framework/src/Illuminate/Pipeline/Pipeline.php(180): Illuminate\Foundation\Http\Kernel->Illuminate\Foundation\Http\{closure}()
#42 /home/sohail/Documents/Projects/quote/vendor/livewire/livewire/src/Features/SupportDisablingBackButtonCache/DisableBackButtonCacheMiddleware.php(19): Illuminate\Pipeline\Pipeline->Illuminate\Pipeline\{closure}()
#43 /home/sohail/Documents/Projects/quote/vendor/laravel/framework/src/Illuminate/Pipeline/Pipeline.php(219): Livewire\Features\SupportDisablingBackButtonCache\DisableBackButtonCacheMiddleware->handle()
#44 /home/sohail/Documents/Projects/quote/vendor/laravel/framework/src/Illuminate/Foundation/Http/Middleware/TransformsRequest.php(21): Illuminate\Pipeline\Pipeline->Illuminate\Pipeline\{closure}()
#45 /home/sohail/Documents/Projects/quote/vendor/laravel/framework/src/Illuminate/Foundation/Http/Middleware/ConvertEmptyStringsToNull.php(31): Illuminate\Foundation\Http\Middleware\TransformsRequest->handle()
#46 /home/sohail/Documents/Projects/quote/vendor/laravel/framework/src/Illuminate/Pipeline/Pipeline.php(219): Illuminate\Foundation\Http\Middleware\ConvertEmptyStringsToNull->handle()
#47 /home/sohail/Documents/Projects/quote/vendor/laravel/framework/src/Illuminate/Foundation/Http/Middleware/TransformsRequest.php(21): Illuminate\Pipeline\Pipeline->Illuminate\Pipeline\{closure}()
#48 /home/sohail/Documents/Projects/quote/vendor/laravel/framework/src/Illuminate/Foundation/Http/Middleware/TrimStrings.php(51): Illuminate\Foundation\Http\Middleware\TransformsRequest->handle()
#49 /home/sohail/Documents/Projects/quote/vendor/laravel/framework/src/Illuminate/Pipeline/Pipeline.php(219): Illuminate\Foundation\Http\Middleware\TrimStrings->handle()
#50 /home/sohail/Documents/Projects/quote/vendor/laravel/framework/src/Illuminate/Http/Middleware/ValidatePostSize.php(27): Illuminate\Pipeline\Pipeline->Illuminate\Pipeline\{closure}()
#51 /home/sohail/Documents/Projects/quote/vendor/laravel/framework/src/Illuminate/Pipeline/Pipeline.php(219): Illuminate\Http\Middleware\ValidatePostSize->handle()
#52 /home/sohail/Documents/Projects/quote/vendor/laravel/framework/src/Illuminate/Foundation/Http/Middleware/PreventRequestsDuringMaintenance.php(109): Illuminate\Pipeline\Pipeline->Illuminate\Pipeline\{closure}()
#53 /home/sohail/Documents/Projects/quote/vendor/laravel/framework/src/Illuminate/Pipeline/Pipeline.php(219): Illuminate\Foundation\Http\Middleware\PreventRequestsDuringMaintenance->handle()
#54 /home/sohail/Documents/Projects/quote/vendor/laravel/framework/src/Illuminate/Http/Middleware/HandleCors.php(61): Illuminate\Pipeline\Pipeline->Illuminate\Pipeline\{closure}()
#55 /home/sohail/Documents/Projects/quote/vendor/laravel/framework/src/Illuminate/Pipeline/Pipeline.php(219): Illuminate\Http\Middleware\HandleCors->handle()
#56 /home/sohail/Documents/Projects/quote/vendor/laravel/framework/src/Illuminate/Http/Middleware/TrustProxies.php(58): Illuminate\Pipeline\Pipeline->Illuminate\Pipeline\{closure}()
#57 /home/sohail/Documents/Projects/quote/vendor/laravel/framework/src/Illuminate/Pipeline/Pipeline.php(219): Illuminate\Http\Middleware\TrustProxies->handle()
#58 /home/sohail/Documents/Projects/quote/vendor/laravel/framework/src/Illuminate/Foundation/Http/Middleware/InvokeDeferredCallbacks.php(22): Illuminate\Pipeline\Pipeline->Illuminate\Pipeline\{closure}()
#59 /home/sohail/Documents/Projects/quote/vendor/laravel/framework/src/Illuminate/Pipeline/Pipeline.php(219): Illuminate\Foundation\Http\Middleware\InvokeDeferredCallbacks->handle()
#60 /home/sohail/Documents/Projects/quote/vendor/laravel/framework/src/Illuminate/Http/Middleware/ValidatePathEncoding.php(26): Illuminate\Pipeline\Pipeline->Illuminate\Pipeline\{closure}()
#61 /home/sohail/Documents/Projects/quote/vendor/laravel/framework/src/Illuminate/Pipeline/Pipeline.php(219): Illuminate\Http\Middleware\ValidatePathEncoding->handle()
#62 /home/sohail/Documents/Projects/quote/vendor/laravel/framework/src/Illuminate/Pipeline/Pipeline.php(137): Illuminate\Pipeline\Pipeline->Illuminate\Pipeline\{closure}()
#63 /home/sohail/Documents/Projects/quote/vendor/laravel/framework/src/Illuminate/Foundation/Http/Kernel.php(175): Illuminate\Pipeline\Pipeline->then()
#64 /home/sohail/Documents/Projects/quote/vendor/laravel/framework/src/Illuminate/Foundation/Http/Kernel.php(144): Illuminate\Foundation\Http\Kernel->sendRequestThroughRouter()
#65 /home/sohail/Documents/Projects/quote/vendor/laravel/framework/src/Illuminate/Foundation/Testing/Concerns/MakesHttpRequests.php(607): Illuminate\Foundation\Http\Kernel->handle()
#66 /home/sohail/Documents/Projects/quote/vendor/laravel/framework/src/Illuminate/Foundation/Testing/Concerns/MakesHttpRequests.php(457): Illuminate\Foundation\Testing\TestCase->call()
#67 /home/sohail/Documents/Projects/quote/tests/Feature/PurchaseOrderTest.php(105): Illuminate\Foundation\Testing\TestCase->patch()
#68 /home/sohail/Documents/Projects/quote/vendor/phpunit/phpunit/src/Framework/TestCase.php(1667): Tests\Feature\PurchaseOrderTest->test_boss_can_update_status()
#69 /home/sohail/Documents/Projects/quote/vendor/phpunit/phpunit/src/Framework/TestCase.php(519): PHPUnit\Framework\TestCase->runTest()
#70 /home/sohail/Documents/Projects/quote/vendor/phpunit/phpunit/src/Framework/TestRunner/TestRunner.php(87): PHPUnit\Framework\TestCase->runBare()
#71 /home/sohail/Documents/Projects/quote/vendor/phpunit/phpunit/src/Framework/TestCase.php(365): PHPUnit\Framework\TestRunner->run()
#72 /home/sohail/Documents/Projects/quote/vendor/phpunit/phpunit/src/Framework/TestSuite.php(369): PHPUnit\Framework\TestCase->run()
#73 /home/sohail/Documents/Projects/quote/vendor/phpunit/phpunit/src/Framework/TestSuite.php(369): PHPUnit\Framework\TestSuite->run()
#74 /home/sohail/Documents/Projects/quote/vendor/phpunit/phpunit/src/Framework/TestSuite.php(369): PHPUnit\Framework\TestSuite->run()
#75 /home/sohail/Documents/Projects/quote/vendor/phpunit/phpunit/src/TextUI/TestRunner.php(64): PHPUnit\Framework\TestSuite->run()
#76 /home/sohail/Documents/Projects/quote/vendor/phpunit/phpunit/src/TextUI/Application.php(211): PHPUnit\TextUI\TestRunner->run()
#77 /home/sohail/Documents/Projects/quote/vendor/phpunit/phpunit/phpunit(104): PHPUnit\TextUI\Application->run()
#78 {main}

----------------------------------------------------------------------------------

SQLSTATE[23000]: Integrity constraint violation: 19 CHECK constraint failed: status (Connection: sqlite, Database: :memory:, SQL: update "purchase_orders" set "status" = transit, "updated_at" = 2026-03-10 09:31:16 where "id" = 1)

  at tests/Feature/PurchaseOrderTest.php:109
    105▕         $response = $this->actingAs($this->boss)->patch(route('purchase-orders.updateStatus', $po), [
    106▕             'status' => 'transit',
    107▕         ]);
    108▕ 
  ➜ 109▕         $response->assertRedirect();
    110▕         $response->assertSessionHas('success');
    111▕ 
    112▕         $this->assertEquals('transit', $po->fresh()->status);
    113▕     }

  ────────────────────────────────────────────────────────────────────────────  
   FAILED  Tests\Feature\PurchaseOrderTest > confirming rece…  QueryException   
  SQLSTATE[23000]: Integrity constraint violation: 19 CHECK constraint failed: status (Connection: sqlite, Database: :memory:, SQL: insert into "purchase_orders" ("product_id", "quantity", "unit_cost", "status", "tenant_id", "updated_at", "created_at") values (1, 25, 10, transit, 1, 2026-03-10 09:31:16, 2026-03-10 09:31:16))

  at vendor/laravel/framework/src/Illuminate/Database/Connection.php:838
    834▕             $exceptionType = $this->isUniqueConstraintError($e)
    835▕                 ? UniqueConstraintViolationException::class
    836▕                 : QueryException::class;
    837▕ 
  ➜ 838▕             throw new $exceptionType(
    839▕                 $this->getNameWithReadWriteType(),
    840▕                 $query,
    841▕                 $this->prepareBindings($bindings),
    842▕                 $e,

      [2m+19 vendor frames [22m
  20  tests/Feature/PurchaseOrderTest.php:118

  ────────────────────────────────────────────────────────────────────────────  
   FAILED  Tests\Feature\QuoteTest > quote status can be upd…  QueryException   
  SQLSTATE[23000]: Integrity constraint violation: 19 NOT NULL constraint failed: quotes.reference_id (Connection: sqlite, Database: :memory:, SQL: insert into "quotes" ("user_id", "customer_name", "tax_mode", "status", "total_amount", "tenant_id", "updated_at", "created_at") values (1, Test Customer, global, draft, 100, 1, 2026-03-10 09:31:16, 2026-03-10 09:31:16))

  at vendor/laravel/framework/src/Illuminate/Database/Connection.php:838
    834▕             $exceptionType = $this->isUniqueConstraintError($e)
    835▕                 ? UniqueConstraintViolationException::class
    836▕                 : QueryException::class;
    837▕ 
  ➜ 838▕             throw new $exceptionType(
    839▕                 $this->getNameWithReadWriteType(),
    840▕                 $query,
    841▕                 $this->prepareBindings($bindings),
    842▕                 $e,

      [2m+19 vendor frames [22m
  20  tests/Feature/QuoteTest.php:89

  ────────────────────────────────────────────────────────────────────────────  
   FAILED  Tests\Feature\QuoteTest > quote acceptance deduct…  QueryException   
  SQLSTATE[23000]: Integrity constraint violation: 19 NOT NULL constraint failed: quotes.reference_id (Connection: sqlite, Database: :memory:, SQL: insert into "quotes" ("user_id", "customer_name", "tax_mode", "status", "total_amount", "tenant_id", "updated_at", "created_at") values (1, Test Customer, global, sent, 100, 1, 2026-03-10 09:31:16, 2026-03-10 09:31:16))

  at vendor/laravel/framework/src/Illuminate/Database/Connection.php:838
    834▕             $exceptionType = $this->isUniqueConstraintError($e)
    835▕                 ? UniqueConstraintViolationException::class
    836▕                 : QueryException::class;
    837▕ 
  ➜ 838▕             throw new $exceptionType(
    839▕                 $this->getNameWithReadWriteType(),
    840▕                 $query,
    841▕                 $this->prepareBindings($bindings),
    842▕                 $e,

      [2m+19 vendor frames [22m
  20  tests/Feature/QuoteTest.php:109

  ────────────────────────────────────────────────────────────────────────────  
   FAILED  Tests\Feature\QuoteTest > quote rejection reverts…  QueryException   
  SQLSTATE[23000]: Integrity constraint violation: 19 NOT NULL constraint failed: quotes.reference_id (Connection: sqlite, Database: :memory:, SQL: insert into "quotes" ("user_id", "customer_name", "tax_mode", "status", "total_amount", "tenant_id", "updated_at", "created_at") values (1, Test Customer, global, sent, 100, 1, 2026-03-10 09:31:16, 2026-03-10 09:31:16))

  at vendor/laravel/framework/src/Illuminate/Database/Connection.php:838
    834▕             $exceptionType = $this->isUniqueConstraintError($e)
    835▕                 ? UniqueConstraintViolationException::class
    836▕                 : QueryException::class;
    837▕ 
  ➜ 838▕             throw new $exceptionType(
    839▕                 $this->getNameWithReadWriteType(),
    840▕                 $query,
    841▕                 $this->prepareBindings($bindings),
    842▕                 $e,

      [2m+19 vendor frames [22m
  20  tests/Feature/QuoteTest.php:156

  ────────────────────────────────────────────────────────────────────────────  
   FAILED  Tests\Feature\QuoteTest > pdf can be generated      QueryException   
  SQLSTATE[23000]: Integrity constraint violation: 19 NOT NULL constraint failed: quotes.reference_id (Connection: sqlite, Database: :memory:, SQL: insert into "quotes" ("user_id", "customer_name", "tax_mode", "status", "total_amount", "tenant_id", "updated_at", "created_at") values (1, Test Customer, global, draft, 100, 1, 2026-03-10 09:31:16, 2026-03-10 09:31:16))

  at vendor/laravel/framework/src/Illuminate/Database/Connection.php:838
    834▕             $exceptionType = $this->isUniqueConstraintError($e)
    835▕                 ? UniqueConstraintViolationException::class
    836▕                 : QueryException::class;
    837▕ 
  ➜ 838▕             throw new $exceptionType(
    839▕                 $this->getNameWithReadWriteType(),
    840▕                 $query,
    841▕                 $this->prepareBindings($bindings),
    842▕                 $e,

      [2m+19 vendor frames [22m
  20  tests/Feature/QuoteTest.php:211

  ────────────────────────────────────────────────────────────────────────────  
   FAILED  Tests\Feature\QuoteTest > employee can reject the…  QueryException   
  SQLSTATE[23000]: Integrity constraint violation: 19 NOT NULL constraint failed: quotes.reference_id (Connection: sqlite, Database: :memory:, SQL: insert into "quotes" ("user_id", "customer_name", "tax_mode", "status", "total_amount", "tenant_id", "updated_at", "created_at") values (2, Employee Customer, global, sent, 100, 1, 2026-03-10 09:31:17, 2026-03-10 09:31:17))

  at vendor/laravel/framework/src/Illuminate/Database/Connection.php:838
    834▕             $exceptionType = $this->isUniqueConstraintError($e)
    835▕                 ? UniqueConstraintViolationException::class
    836▕                 : QueryException::class;
    837▕ 
  ➜ 838▕             throw new $exceptionType(
    839▕                 $this->getNameWithReadWriteType(),
    840▕                 $query,
    841▕                 $this->prepareBindings($bindings),
    842▕                 $e,

      [2m+19 vendor frames [22m
  20  tests/Feature/QuoteTest.php:226

  ────────────────────────────────────────────────────────────────────────────  
   FAILED  Tests\Feature\QuoteTest > employee cannot reject…   QueryException   
  SQLSTATE[23000]: Integrity constraint violation: 19 NOT NULL constraint failed: quotes.reference_id (Connection: sqlite, Database: :memory:, SQL: insert into "quotes" ("user_id", "customer_name", "tax_mode", "status", "total_amount", "tenant_id", "updated_at", "created_at") values (3, Other Customer, global, sent, 100, 1, 2026-03-10 09:31:17, 2026-03-10 09:31:17))

  at vendor/laravel/framework/src/Illuminate/Database/Connection.php:838
    834▕             $exceptionType = $this->isUniqueConstraintError($e)
    835▕                 ? UniqueConstraintViolationException::class
    836▕                 : QueryException::class;
    837▕ 
  ➜ 838▕             throw new $exceptionType(
    839▕                 $this->getNameWithReadWriteType(),
    840▕                 $query,
    841▕                 $this->prepareBindings($bindings),
    842▕                 $e,

      [2m+19 vendor frames [22m
  20  tests/Feature/QuoteTest.php:245

  ────────────────────────────────────────────────────────────────────────────  
   FAILED  Tests\Feature\QuoteTest > boss can reject accepte…  QueryException   
  SQLSTATE[23000]: Integrity constraint violation: 19 NOT NULL constraint failed: quotes.reference_id (Connection: sqlite, Database: :memory:, SQL: insert into "quotes" ("user_id", "customer_name", "tax_mode", "status", "total_amount", "tenant_id", "updated_at", "created_at") values (2, John Doe, global, accepted, 100, 1, 2026-03-10 09:31:17, 2026-03-10 09:31:17))

  at vendor/laravel/framework/src/Illuminate/Database/Connection.php:838
    834▕             $exceptionType = $this->isUniqueConstraintError($e)
    835▕                 ? UniqueConstraintViolationException::class
    836▕                 : QueryException::class;
    837▕ 
  ➜ 838▕             throw new $exceptionType(
    839▕                 $this->getNameWithReadWriteType(),
    840▕                 $query,
    841▕                 $this->prepareBindings($bindings),
    842▕                 $e,

      [2m+19 vendor frames [22m
  20  tests/Feature/QuoteTest.php:262

  ────────────────────────────────────────────────────────────────────────────  
   FAILED  Tests\Feature\QuoteTest > boss can update logisti…  QueryException   
  SQLSTATE[23000]: Integrity constraint violation: 19 NOT NULL constraint failed: quotes.reference_id (Connection: sqlite, Database: :memory:, SQL: insert into "quotes" ("user_id", "customer_name", "tax_mode", "status", "total_amount", "tenant_id", "updated_at", "created_at") values (2, John Doe, global, accepted, 100, 1, 2026-03-10 09:31:17, 2026-03-10 09:31:17))

  at vendor/laravel/framework/src/Illuminate/Database/Connection.php:838
    834▕             $exceptionType = $this->isUniqueConstraintError($e)
    835▕                 ? UniqueConstraintViolationException::class
    836▕                 : QueryException::class;
    837▕ 
  ➜ 838▕             throw new $exceptionType(
    839▕                 $this->getNameWithReadWriteType(),
    840▕                 $query,
    841▕                 $this->prepareBindings($bindings),
    842▕                 $e,

      [2m+19 vendor frames [22m
  20  tests/Feature/QuoteTest.php:280


  Tests:    14 failed, 61 passed (168 assertions)
  Duration: 3.87s

